[36mvite v8.0.0-beta.15 [32mbuilding client environment for production...[36m[39m
[2K
transforming...Γ£ô 2982 modules transformed.
rendering chunks...
computing gzip size...
dist/index.html                     1.24 kB Γöé gzip:   0.56 kB
dist/assets/index-B_-HQTpz.css     51.63 kB Γöé gzip:   9.01 kB
dist/assets/index-DN55g0V3.js   1,091.87 kB Γöé gzip: 334.94 kB

[32mΓ£ô built in 1.39s[39m
npx : [33m[plugin 
builtin:vite-reporter] 
At line:1 char:1
+ npx vite build > 
build_output.txt 2>&1; 
Get-Content 
build_output.txt
+ ~~~~~~~~~~~~~~~~~~~~~~~~
~~~~~~~~~~~~~~
    + CategoryInfo        
      : NotSpecified: (  
  [33m[plugin builtin:v   
 ite-reporter] :String    
) [], RemoteException
    + FullyQualifiedError 
   Id : NativeCommandErr  
  or
 
(!) Some chunks are 
larger than 500 kB after 
minification. Consider:
- Using dynamic import() 
to code-split the 
application
- Use build.rolldownOption
s.output.codeSplitting to 
improve chunking: https://
rolldown.rs/reference/Outp
utOptions.codeSplitting
- Adjust chunk size limit 
for this warning via build
.chunkSizeWarningLimit.[3
9m
